node.exe : [31mΓ£ù[39m Build failed in 
616ms
At line:1 char:1
+ & "C:\Program Files\nodejs/node.exe" 
"C:\Program Files\nodejs/node_mo ...
+ ~~~~~~~~~~~~~~~~~~~~~~~~~~~~~~~~~~~~~~~~
~~~~~~~~~~~~~~~~~~~~~~~~~~~~~
    + CategoryInfo          : NotSpecifie 
   d: ([31mΓ£ù[39m Build failed in 616  
  ms:String) [], RemoteException
    + FullyQualifiedErrorId : NativeComma 
   ndError
 
[31merror during build:
[31m[vite]: Rollup failed to resolve 
import "react-easy-crop" from "C:/Users/he
man/OneDrive/Documents/SWE/frontend/src/co
mponents/ImageCropperModal.jsx".
This is most likely unintended because it 
can break your application at runtime.
If you do want to externalize this module 
explicitly add it to
`build.rollupOptions.external`[31m
    at viteLog (file:///C:/Users/heman/One
Drive/Documents/SWE/frontend/node_modules/
vite/dist/node/chunks/config.js:33635:57)
    at file:///C:/Users/heman/OneDrive/Doc
uments/SWE/frontend/node_modules/vite/dist
/node/chunks/config.js:33669:73
    at onwarn (file:///C:/Users/heman/OneD
rive/Documents/SWE/frontend/node_modules/@
vitejs/plugin-react/dist/index.js:76:7)
    at file:///C:/Users/heman/OneDrive/Doc
uments/SWE/frontend/node_modules/vite/dist
/node/chunks/config.js:33669:28
    at onRollupLog (file:///C:/Users/heman
/OneDrive/Documents/SWE/frontend/node_modu
les/vite/dist/node/chunks/config.js:33664:
63)
    at onLog (file:///C:/Users/heman/OneDr
ive/Documents/SWE/frontend/node_modules/vi
te/dist/node/chunks/config.js:33467:4)
    at file:///C:/Users/heman/OneDrive/Doc
uments/SWE/frontend/node_modules/rollup/di
st/es/shared/node-entry.js:21037:32
    at Object.logger [as onLog] (file:///C
:/Users/heman/OneDrive/Documents/SWE/front
end/node_modules/rollup/dist/es/shared/nod
e-entry.js:22924:9)
    at 
ModuleLoader.handleInvalidResolvedId (file
:///C:/Users/heman/OneDrive/Documents/SWE/
frontend/node_modules/rollup/dist/es/share
d/node-entry.js:21668:26)
    at file:///C:/Users/heman/OneDrive/Doc
uments/SWE/frontend/node_modules/rollup/di
st/es/shared/node-entry.js:21626:26[39m
